// Jest Snapshot v1, https://goo.gl/fbAQLP

exports[`CommandMenu Component renders correctly when closed 1`] = `<div />`;
